<testsuites id="" name="" tests="3" failures="0" skipped="0" errors="0" time="10.541039999961853">
<testsuite name="add.spec.js" timestamp="1659362481417" hostname="" tests="2" failures="0" skipped="0" time="4.622" errors="0">
<testcase name="add a todo item" classname="[chromium] › add.spec.js:14:1 › add a todo item" time="3.255">
</testcase>
<testcase name="complete a todo item" classname="[chromium] › add.spec.js:29:1 › complete a todo item" time="1.367">
</testcase>
</testsuite> 
<testsuite name="example.spec.js" timestamp="1659362481417" hostname="" tests="1" failures="0" skipped="0" time="2.062" errors="0">
<testcase name="homepage has Playwright in title and get started link linking to the intro page" classname="[chromium] › example.spec.js:4:1 › homepage has Playwright in title and get started link linking to the intro page" time="2.062">
</testcase>
</testsuite>
</testsuites>
